6506-10073-0000 </path/to>/librispeech_subsample/1h/6506/10073/6506-10073-0000.flac 4075 chapter nineteen dick takes his final leave
6506-10073-0001 </path/to>/librispeech_subsample/1h/6506/10073/6506-10073-0001.flac 2740 he was not altogether satisfied with it
6506-10073-0002 </path/to>/librispeech_subsample/1h/6506/10073/6506-10073-0002.flac 12345 but the lady seemed to hesitate and asked for a week to think about it this showed so much ingratitude on her part was so poor an acknowledgment of the position which he had offered her that he was inclined to be indignant
6506-10073-0003 </path/to>/librispeech_subsample/1h/6506/10073/6506-10073-0003.flac 14380 if she don't care about it she sha'n't have it it was thus that he expressed himself aloud in the hearing of dick ross but without however explaining who the she was or what the it was or indeed in any way asking dick's opinion on the matter
6506-10073-0004 </path/to>/librispeech_subsample/1h/6506/10073/6506-10073-0004.flac 15095 had she expressed her warm affection and at once accepted all that had been proffered the gentleman would probably have learnt at once to despise that which had been obtained so easily as it was he was simply cross and thought that he had determined to withdraw the proposal
6506-10073-0005 </path/to>/librispeech_subsample/1h/6506/10073/6506-10073-0005.flac 13630 but still the other letter was to come and miss altifiorla's chance was still open to her the immediate consequence of these doubts in the mind of sir francis was a postponement of the verdict of banishment which he had resolved to pronounce against dick
6506-10073-0006 </path/to>/librispeech_subsample/1h/6506/10073/6506-10073-0006.flac 15585 as soon as his marriage with miss altifiorla should have been settled he did not wish to leave himself altogether alone in the world and if this dick were dismissed it would be necessary that he should provide himself with another unless he were minded to provide himself with a wife instead
6506-10073-0007 </path/to>/librispeech_subsample/1h/6506/10073/6506-10073-0007.flac 8635 he became therefore gradually more gracious after the little speech which has been above given dick had understood perfectly who the she had been
6506-10073-0008 </path/to>/librispeech_subsample/1h/6506/10073/6506-10073-0008.flac 3730 as no question had been asked he had made no reply
6506-10073-0009 </path/to>/librispeech_subsample/1h/6506/10073/6506-10073-0009.flac 14325 he despised the baronet almost as thoroughly as did mister western but for certain purposes as to which he despised himself also the friendship of the baronet suited him just at present one morning for private reasons of his own
6506-10073-0010 </path/to>/librispeech_subsample/1h/6506/10073/6506-10073-0010.flac 14255 dick went into perth which was twenty miles distant from the baronet's shooting lodge and returned the same day bringing the postbag with him from a point in the road at which it was daily left by the postman sir francis with unusual haste read his letters
6506-10073-0011 </path/to>/librispeech_subsample/1h/6506/10073/6506-10073-0011.flac 14835 and among them was one from miss altifiorla but dick had a budget of news which he was anxious to reveal and which he did tell before sir francis had said anything as to his own letter there was another friend one captain fawkes at the lodge with them
6506-10073-0012 </path/to>/librispeech_subsample/1h/6506/10073/6506-10073-0012.flac 14210 and dick had at first been restrained by this man's presence as soon as he found himself alone with sir francis he began lady grant has gone off to dresden he said where did you hear that asked the baronet they told me so at the club
6506-10073-0013 </path/to>/librispeech_subsample/1h/6506/10073/6506-10073-0013.flac 14485 and why what business is it of theirs since you know so much about it why has she gone to persuade her brother to come home and take his wife once more it was an infernal shame that they should ever have been separated
6415-100596-0000 </path/to>/librispeech_subsample/1h/6415/100596/6415-100596-0000.flac 5490 the elusive kate ferris the mysterious kate ferris
6415-100596-0001 </path/to>/librispeech_subsample/1h/6415/100596/6415-100596-0001.flac 14110 for a whole semester entered upon her college career in an entirely unpremeditated and impromptu manner it began one day away back in november
6415-100596-0002 </path/to>/librispeech_subsample/1h/6415/100596/6415-100596-0002.flac 15885 georgie stopped to examine some loose sheets of paper which were impaled upon the door what's this patty oh that's the registration list for the german club priscilla's secretary you know and every one who wants to join comes here
6415-100596-0003 </path/to>/librispeech_subsample/1h/6415/100596/6415-100596-0003.flac 14815 the study has been so full of freshmen all the time that i told her to hang it on the door and let them join outside it works beautifully patty turned the leaves and ran her eyes down the list of sprawling signatures it's a popular organization isn't it
6415-100596-0004 </path/to>/librispeech_subsample/1h/6415/100596/6415-100596-0004.flac 14175 the freshmen are simply scrambling to get in they're trying to show fraeulein scherin how much interest they take in the subject georgie laughed patty picked up the pencil would you like to join
6415-100596-0005 </path/to>/librispeech_subsample/1h/6415/100596/6415-100596-0005.flac 15915 i know priscilla would be gratified no thank you i pay club dues enough already i'm afraid i'm not exactly eligible myself as i don't know any german it's such a beautifully sharp pencil though that i hate not to write with it
6415-100596-0006 </path/to>/librispeech_subsample/1h/6415/100596/6415-100596-0006.flac 14315 patty poised the pencil a moment and abstractedly traced the name kate ferris georgie laughed if there should happen to be a kate ferris in college she would be surprised to find herself a member of the german club
6415-100596-0007 </path/to>/librispeech_subsample/1h/6415/100596/6415-100596-0007.flac 15355 and the incident was forgotten a few days later the two came in from class to find priscilla and the president of the german club sitting on the divan with their heads together frantically turning the leaves of the catalogue
6415-100596-0008 </path/to>/librispeech_subsample/1h/6415/100596/6415-100596-0008.flac 7540 she isn't a sophomore the president announced she must be a freshman priscilla look again
6415-100596-0009 </path/to>/librispeech_subsample/1h/6415/100596/6415-100596-0009.flac 14395 georgie and patty exchanged glances and inquired the trouble a girl named kate ferris has registered for the german club and we've gone through all the classes and there simply isn't any such girl in college possibly a special
6415-100596-0010 </path/to>/librispeech_subsample/1h/6415/100596/6415-100596-0010.flac 16070 priscilla produced the registration list and triumphantly exhibited an unmistakable kate ferris they forgot to put her in the catalogue i never knew them to make such a mistake before said the president dubiously i don't believe we'd better put her in the roll book
6415-100596-0011 </path/to>/librispeech_subsample/1h/6415/100596/6415-100596-0011.flac 14080 several weeks later priscilla was engaged in laboriously turning the minutes of the last meeting into grammatical german and as she closed the dictionary and grammar with a sigh of relief she remarked to patty do you know
8765-295000-0000 </path/to>/librispeech_subsample/1h/8765/295000/8765-295000-0000.flac 13975 chapter five the seal and the bear you know doctor said hatteras as they returned to the hut the polar bears subsist almost entirely on seals they'll lie in wait for them beside the crevasses for whole days
8765-295000-0001 </path/to>/librispeech_subsample/1h/8765/295000/8765-295000-0001.flac 11225 ready to strangle them the moment their heads appear above the surface it is not likely then that a bear will be frightened of a seal i think i see what you are after but it is dangerous
8765-295000-0002 </path/to>/librispeech_subsample/1h/8765/295000/8765-295000-0002.flac 13980 yes but there is more chance of success than in trying any other plan so i mean to risk it i am going to dress myself in the seal's skin and creep along the ice come don't let us lose time load the gun and give it me
8765-295000-0003 </path/to>/librispeech_subsample/1h/8765/295000/8765-295000-0003.flac 15595 the doctor could not say anything for he would have done the same himself so he followed hatteras silently to the sledge taking with him a couple of hatchets for his own and johnson's use hatteras soon made his toilette and slipped into the skin
8765-295000-0004 </path/to>/librispeech_subsample/1h/8765/295000/8765-295000-0004.flac 2970 now then give me the gun he said
8765-295000-0005 </path/to>/librispeech_subsample/1h/8765/295000/8765-295000-0005.flac 15650 courage hatteras said the doctor handing him the weapon which he had carefully loaded meanwhile never fear but be sure you don't show yourselves till i fire the doctor soon joined the old boatswain behind the hummock and told him what they had been doing
8765-295000-0006 </path/to>/librispeech_subsample/1h/8765/295000/8765-295000-0006.flac 13975 the bear was still there but moving restlessly about as if he felt the approach of danger in a quarter of an hour or so the seal made his appearance on the ice he had gone a good way round so as to come on the bear by surprise
8765-295000-0007 </path/to>/librispeech_subsample/1h/8765/295000/8765-295000-0007.flac 15605 and every movement was so perfect an imitation of a seal that even the doctor would have been deceived if he had not known it was hatteras it is capital said johnson in a low voice the bear had instantly caught sight of the supposed seal for he gathered himself up
8765-295000-0008 </path/to>/librispeech_subsample/1h/8765/295000/8765-295000-0008.flac 3215 preparing to make a spring as the animal came nearer
8765-295000-0009 </path/to>/librispeech_subsample/1h/8765/295000/8765-295000-0009.flac 15660 bruin went to work with extreme prudence though his eyes glared with greedy desire to clutch the coveted prey for he had probably been fasting a month if not two he allowed his victim to get within ten paces of him and then sprang forward with a tremendous bound
8765-295000-0010 </path/to>/librispeech_subsample/1h/8765/295000/8765-295000-0010.flac 11790 but stopped short stupefied and frightened within three steps of hatteras who started up that moment and throwing off his disguise knelt on one knee and aimed straight at the bear's heart
8765-295000-0011 </path/to>/librispeech_subsample/1h/8765/295000/8765-295000-0011.flac 12695 hurrying towards hatteras for the bear had reared on his hind legs and was striking the air with one paw and tearing up the snow to stanch his wound with the other hatteras never moved but waited knife in hand
8765-295000-0012 </path/to>/librispeech_subsample/1h/8765/295000/8765-295000-0012.flac 13130 he had aimed well and fired with a sure and steady aim before either of his companions came up he had plunged the knife in the animal's throat and made an end of him for he fell down at once to rise no more
6135-41994-0000 </path/to>/librispeech_subsample/1h/6135/41994/6135-41994-0000.flac 12640 his thoughtful air and the anxious glances he cast every now and then toward one of the little grated windows of the building sufficed to indicate that some very rare bird indeed had been entrusted to his keeping
6135-41994-0001 </path/to>/librispeech_subsample/1h/6135/41994/6135-41994-0001.flac 9900 and he paused in his promenade ah well he inquired what news do you bring i have an order to conduct the prisoners to the prefecture
6135-41994-0002 </path/to>/librispeech_subsample/1h/6135/41994/6135-41994-0002.flac 2120 capital capital he exclaimed
6135-41994-0003 </path/to>/librispeech_subsample/1h/6135/41994/6135-41994-0003.flac 11540 we will throw them in and hurry the driver off lecoq was obliged to interrupt the keeper's transports of satisfaction are the prisoners alone he inquired quite alone
6135-41994-0004 </path/to>/librispeech_subsample/1h/6135/41994/6135-41994-0004.flac 12280 this has been a remarkably quiet night for shrove sunday quite surprising indeed it is true your hunt was interrupted you had a drunken man here however no yes that's true
6135-41994-0005 </path/to>/librispeech_subsample/1h/6135/41994/6135-41994-0005.flac 15550 you may laugh as much as you like retorted the keeper but such is really the case if it hadn't been for gevrol the man would certainly have been run over and what has become of him the keeper shrugged his shoulders you ask me too much he responded
6135-41994-0006 </path/to>/librispeech_subsample/1h/6135/41994/6135-41994-0006.flac 15845 and on coming out into the open air the wine flew into his head he told us all about it when he got sober half an hour afterward i never saw a man so vexed as he was he wept and stammered the father of a family and at my age too
6135-41994-0007 </path/to>/librispeech_subsample/1h/6135/41994/6135-41994-0007.flac 13990 oh it is shameful what shall i say to my wife what will the children think did he talk much about his wife he talked about nothing else he mentioned her name eudosia leocadie or some name of that sort
6135-41994-0008 </path/to>/librispeech_subsample/1h/6135/41994/6135-41994-0008.flac 15230 he begged us to send for the commissary to go to his house and when we set him free i thought he would go mad with joy he kissed our hands and thanked us again and again and did you place him in the same cage as the murderer inquired lecoq
6135-41994-0009 </path/to>/librispeech_subsample/1h/6135/41994/6135-41994-0009.flac 5095 of course then they talked with each other talked
6135-41994-0010 </path/to>/librispeech_subsample/1h/6135/41994/6135-41994-0010.flac 3845 when he was placed in a cell bang he fell down like a log of wood
6135-41994-0011 </path/to>/librispeech_subsample/1h/6135/41994/6135-41994-0011.flac 8165 the young police agent had grown very thoughtful i was evidently right he murmured what did you say
6135-41994-0012 </path/to>/librispeech_subsample/1h/6135/41994/6135-41994-0012.flac 15210 was not inclined to communicate his reflections to the custodian of the guard house these reflections of his were by no means pleasant ones i was right he thought this pretended drunkard was none other than the accomplice he is evidently an adroit
6135-41994-0013 </path/to>/librispeech_subsample/1h/6135/41994/6135-41994-0013.flac 9325 audacious cool headed fellow while we were tracking his footprints he was watching us when we had got to some distance he was bold enough to enter the hovel
5287-39165-0000 </path/to>/librispeech_subsample/1h/5287/39165/5287-39165-0000.flac 15615 chapter thirteen delicate hints lady lufton had been greatly rejoiced at that good deed which her son did in giving up his leicestershire hunting and coming to reside for the winter at framley it was proper and becoming
5287-39165-0001 </path/to>/librispeech_subsample/1h/5287/39165/5287-39165-0001.flac 15530 and comfortable in the extreme an english nobleman ought to hunt in the county where he himself owns the fields over which he rides he ought to receive the respect and honour due to him from his own tenants he ought to sleep under a roof of his own
5287-39165-0002 </path/to>/librispeech_subsample/1h/5287/39165/5287-39165-0002.flac 11965 and he ought also so lady lufton thought to fall in love with a young embryo bride of his own mother's choosing and then it was so pleasant to have him there in the house
5287-39165-0003 </path/to>/librispeech_subsample/1h/5287/39165/5287-39165-0003.flac 10260 lady lufton was not a woman who allowed her life to be what people in common parlance call dull she had too many duties and thought too much of them
5287-39165-0004 </path/to>/librispeech_subsample/1h/5287/39165/5287-39165-0004.flac 16080 but nevertheless the house was more joyous to her when he was there there was a reason for some little gaiety which would never have been attracted thither by herself but which nevertheless she did enjoy when it was brought about by his presence
5287-39165-0005 </path/to>/librispeech_subsample/1h/5287/39165/5287-39165-0005.flac 14960 she was younger and brighter when he was there thinking more of the future and less of the past she could look at him and that alone was happiness to her and then he was pleasant mannered with her joking with her
5287-39165-0006 </path/to>/librispeech_subsample/1h/5287/39165/5287-39165-0006.flac 13945 on her little old world prejudices in a tone that was musical to her ear as coming from him smiling on her reminding her of those smiles which she had loved so dearly when as yet he was all her own
5287-39165-0007 </path/to>/librispeech_subsample/1h/5287/39165/5287-39165-0007.flac 13330 lying there in his little bed beside her chair he was kind and gracious to her behaving like a good son at any rate while he was there in her presence when we add to this
5287-39165-0008 </path/to>/librispeech_subsample/1h/5287/39165/5287-39165-0008.flac 14815 her fears that he might not be so perfect in his conduct when absent we may well imagine that lady lufton was pleased to have him there at framley court she had hardly said a word to him as to that five thousand pounds
5287-39165-0009 </path/to>/librispeech_subsample/1h/5287/39165/5287-39165-0009.flac 14310 many a night as she lay thinking on her pillow she said to herself that no money had ever been better expended since it had brought him back to his own house he had thanked her for it in his own open way
5287-39165-0010 </path/to>/librispeech_subsample/1h/5287/39165/5287-39165-0010.flac 15805 declaring that he would pay it back to her during the coming year and comforting her heart by his rejoicing that the property had not been sold i don't like the idea of parting with an acre of it he had said of course not ludovic
4959-28865-0000 </path/to>/librispeech_subsample/1h/4959/28865/4959-28865-0000.flac 12160 chapter twenty seven major tifto and the duke i beg your pardon silverbridge said the major entering the room but i was looking for longstaff
4959-28865-0001 </path/to>/librispeech_subsample/1h/4959/28865/4959-28865-0001.flac 16515 he isn't here said silverbridge who did not wish to be interrupted by his racing friend your father i believe said tifto he was red in the face but was in other respects perhaps improved in appearance by his liquor
4959-28865-0002 </path/to>/librispeech_subsample/1h/4959/28865/4959-28865-0002.flac 14245 in his more sober moments he was not always able to assume that appearance of equality with his companions which it was the ambition of his soul to achieve but a second glass of whisky and water
4959-28865-0003 </path/to>/librispeech_subsample/1h/4959/28865/4959-28865-0003.flac 11720 would always enable him to cock his tail and bark before the company with all the courage of my lady's pug would you do me the great honour to introduce me to his grace
4959-28865-0004 </path/to>/librispeech_subsample/1h/4959/28865/4959-28865-0004.flac 14870 silverbridge was not prone to turn his back upon a friend because he was low in the world he had begun to understand that he had made a mistake by connecting himself with the major but at the club he always defended his partner
4959-28865-0005 </path/to>/librispeech_subsample/1h/4959/28865/4959-28865-0005.flac 13325 though he not unfrequently found himself obliged to snub the major himself he always countenanced the little master of hounds and was true to his own idea of standing to a fellow
4959-28865-0006 </path/to>/librispeech_subsample/1h/4959/28865/4959-28865-0006.flac 14750 nevertheless he did not wish to introduce his friend to his father the duke saw it all at a glance and felt that the introduction should be made perhaps said he getting up from his chair
4959-28865-0007 </path/to>/librispeech_subsample/1h/4959/28865/4959-28865-0007.flac 15440 this is major tifto yes my lord duke i am major tifto the duke bowed graciously my father and i were engaged about private matters said silverbridge i beg ten thousand pardons exclaimed the major
4959-28865-0008 </path/to>/librispeech_subsample/1h/4959/28865/4959-28865-0008.flac 15055 i did not intend to intrude i think we had done said the duke pray sit down major tifto the major sat down though now i bethink myself i have to beg your pardon that i a stranger
4959-28865-0009 </path/to>/librispeech_subsample/1h/4959/28865/4959-28865-0009.flac 13990 should ask you to sit down in your own club don't mention it my lord duke i am so unused to clubs that i forgot where i was quite so my lord duke i hope you think that silverbridge is looking well
4959-28865-0010 </path/to>/librispeech_subsample/1h/4959/28865/4959-28865-0010.flac 14750 yes yes i think so silverbridge bit his lips and turned his face away to the door we didn't make a very good thing of our derby nag the other day perhaps your grace has heard all that
1746-143015-0000 </path/to>/librispeech_subsample/1h/1746/143015/1746-143015-0000.flac 13730 the luck of roaring camp there was commotion in roaring camp it could not have been a fight for in eighteen fifty that was not novel enough to have called together the entire settlement
1746-143015-0001 </path/to>/librispeech_subsample/1h/1746/143015/1746-143015-0001.flac 12915 the ditches and claims were not only deserted but tuttle's grocery had contributed its gamblers who it will be remembered calmly continued their game the day that french pete and kanaka joe shot each other to death
1746-143015-0002 </path/to>/librispeech_subsample/1h/1746/143015/1746-143015-0002.flac 5650 the whole camp was collected before a rude cabin on the outer edge of the clearing
1746-143015-0003 </path/to>/librispeech_subsample/1h/1746/143015/1746-143015-0003.flac 14565 but the name of a woman was frequently repeated it was a name familiar enough in the camp cherokee sal perhaps the less said of her the better she was a coarse and it is to be feared a very sinful woman
1746-143015-0004 </path/to>/librispeech_subsample/1h/1746/143015/1746-143015-0004.flac 13470 when she most needed the ministration of her own sex dissolute abandoned and irreclaimable she was yet suffering a martyrdom hard enough to bear even when veiled by sympathizing womanhood
1746-143015-0005 </path/to>/librispeech_subsample/1h/1746/143015/1746-143015-0005.flac 15340 but now terrible in her loneliness the primal curse had come to her in that original isolation which must have made the punishment of the first transgression so dreadful it was perhaps part of the expiation of her sin
1746-143015-0006 </path/to>/librispeech_subsample/1h/1746/143015/1746-143015-0006.flac 4760 that at a moment when she most lacked her sex's intuitive tenderness and care
1746-143015-0007 </path/to>/librispeech_subsample/1h/1746/143015/1746-143015-0007.flac 14810 sandy tipton thought it was rough on sal and in the contemplation of her condition for a moment rose superior to the fact that he had an ace and two bowers in his sleeve it will be seen also that the situation was novel
1746-143015-0008 </path/to>/librispeech_subsample/1h/1746/143015/1746-143015-0008.flac 15875 deaths were by no means uncommon in roaring camp but a birth was a new thing people had been dismissed the camp effectively finally and with no possibility of return but this was the first time that anybody had been introduced a b initio
1746-143015-0009 </path/to>/librispeech_subsample/1h/1746/143015/1746-143015-0009.flac 13045 hence the excitement you go in there stumpy said a prominent citizen known as kentuck addressing one of the loungers go in there and see what you kin do you've had experience in them things
1746-143015-0010 </path/to>/librispeech_subsample/1h/1746/143015/1746-143015-0010.flac 14100 perhaps there was a fitness in the selection stumpy in other climes had been the putative head of two families in fact it was owing to some legal informality in these proceedings that roaring camp a city of refuge
1746-143015-0011 </path/to>/librispeech_subsample/1h/1746/143015/1746-143015-0011.flac 16330 was indebted to his company the crowd approved the choice and stumpy was wise enough to bow to the majority the door closed on the extempore surgeon and midwife and roaring camp sat down outside smoked its pipe and awaited the issue
8148-286229-0000 </path/to>/librispeech_subsample/1h/8148/286229/8148-286229-0000.flac 16495 i was just thinking about getting up when he came into my room he looked at me in horror my dear fellow he said and you haven't even packed you'll be late here get up and i'll pack for you while you dress do i said briefly first of all what clothes are you going to travel in
8148-286229-0001 </path/to>/librispeech_subsample/1h/8148/286229/8148-286229-0001.flac 15544 there was no help for it i sat up in bed and directed operations right said herbert now what about your return ticket you mustn't forget that you remind me of a little story i said i'll tell it you while you pack that will be nice for you
8148-286229-0002 </path/to>/librispeech_subsample/1h/8148/286229/8148-286229-0002.flac 14630 once upon a time i lost my return ticket and i had to pay two pounds for another and a month afterwards i met a man a man like you who knows all about tickets and he said you could have got the money back if you had applied at once so i said
8148-286229-0003 </path/to>/librispeech_subsample/1h/8148/286229/8148-286229-0003.flac 15475 but unfortunately it was too late no unfortunately it wasn't he got the two pounds the most expensive cigarette i've ever smoked well that just shows you said herbert here's your ticket put it in your waistcoat pocket now
8148-286229-0004 </path/to>/librispeech_subsample/1h/8148/286229/8148-286229-0004.flac 11070 but i haven't got a waistcoat on silly which one are you going to put on i don't know yet this is a matter which requires thought give me time give me air
8148-286229-0005 </path/to>/librispeech_subsample/1h/8148/286229/8148-286229-0005.flac 15414 he looked at his watch and the trap starts in half an hour help i cried and i leapt out of bed half an hour later i was saying good bye to herbert i've had an awfully jolly time i said and i'll come again you've got the ticket all right rather
8148-286229-0006 </path/to>/librispeech_subsample/1h/8148/286229/8148-286229-0006.flac 6960 and i drove away amidst cheers cheers of sorrow it was half an hour's drive to the station
8148-286229-0007 </path/to>/librispeech_subsample/1h/8148/286229/8148-286229-0007.flac 9780 because i had left my ticket on the dressing table after all i gave my luggage to a porter and went off to the station master i wonder if you can help me i said
8148-286229-0008 </path/to>/librispeech_subsample/1h/8148/286229/8148-286229-0008.flac 14920 well we needn't worry about that i've left it at home he didn't seem intensely excited what did you think of doing he asked i had rather hoped that you would do something you can buy another ticket and get the money back afterwards
8148-286229-0009 </path/to>/librispeech_subsample/1h/8148/286229/8148-286229-0009.flac 4795 yes yes but can i i've only got about one pound six
8148-286229-0010 </path/to>/librispeech_subsample/1h/8148/286229/8148-286229-0010.flac 15635 ah well that leaves a penny ha'penny to be divided between the porter this end lunch tea the porter the other end and the cab i don't believe it's enough even if i gave it all to the porter here think how reproachfully he would look at you ever afterwards
8148-286229-0011 </path/to>/librispeech_subsample/1h/8148/286229/8148-286229-0011.flac 14630 it would haunt you the station master was evidently moved he thought for a moment and then asked if i knew anybody who would vouch for me i mentioned herbert confidently he had never even heard of herbert
911-128684-0000 </path/to>/librispeech_subsample/1h/911/128684/911-128684-0000.flac 16410 are as dualistic as it is possible to be thoughts we all naturally think are made of one kind of substance and things of another consciousness flowing inside of us in the forms of conception or judgment
911-128684-0001 </path/to>/librispeech_subsample/1h/911/128684/911-128684-0001.flac 16440 or concentrating itself in the shape of passion or emotion can be directly felt as the spiritual activity which it is and known in contrast with the space filling objective content which it envelopes and accompanies
911-128684-0002 </path/to>/librispeech_subsample/1h/911/128684/911-128684-0002.flac 15500 in opposition to this dualistic philosophy i tried in the first essay to show that thoughts and things are absolutely homogeneous as to their material and that their opposition is only one of relation and of function
911-128684-0003 </path/to>/librispeech_subsample/1h/911/128684/911-128684-0003.flac 11535 there is no thought stuff different from thing stuff i said but the same identical piece of pure experience which was the name i gave to the materia prima of everything
911-128684-0004 </path/to>/librispeech_subsample/1h/911/128684/911-128684-0004.flac 13465 can stand alternately for a fact of consciousness or for a physical reality according as it is taken in one context or in another for the right understanding of what follows
911-128684-0005 </path/to>/librispeech_subsample/1h/911/128684/911-128684-0005.flac 14195 in our pleasures and pains our loves and fears and angers in the beauty comicality importance or preciousness of certain objects and situations we have i am told by many critics
911-128684-0006 </path/to>/librispeech_subsample/1h/911/128684/911-128684-0006.flac 16475 a great realm of experience intuitively recognized as spiritual made and felt to be made of consciousness exclusively and different in nature from the space filling kind of being which is enjoyed by physical objects
911-128684-0007 </path/to>/librispeech_subsample/1h/911/128684/911-128684-0007.flac 14430 because i had to be so brief i now return to the subject because i believe that so far from invalidating my general thesis these phenomena when properly analyzed afford it powerful support
911-128684-0008 </path/to>/librispeech_subsample/1h/911/128684/911-128684-0008.flac 14480 the central point of the pure experience theory is that outer and inner are names for two groups into which we sort experiences according to the way in which they act upon their neighbors
911-128684-0009 </path/to>/librispeech_subsample/1h/911/128684/911-128684-0009.flac 13040 any one content such as hard let us say can be assigned to either group in the outer group it is strong it acts energetically and aggressively
911-128684-0010 </path/to>/librispeech_subsample/1h/911/128684/911-128684-0010.flac 13300 here whatever is hard interferes with the space its neighbors occupy it dents them is impenetrable by them and we call the hardness then a physical hardness
2518-154825-0000 </path/to>/librispeech_subsample/1h/2518/154825/2518-154825-0000.flac 6640 how fearful and dizzy tis to cast one's eyes so low i'll look no more
2518-154825-0001 </path/to>/librispeech_subsample/1h/2518/154825/2518-154825-0001.flac 15425 shakespeare the while chalk was a bulwark between us and the foe and though one or two of them loosed off their matchlocks trying to get at us sideways they could not even see their quarry
2518-154825-0002 </path/to>/librispeech_subsample/1h/2518/154825/2518-154825-0002.flac 14455 and twas only shooting at a venture we were safe but for how short a time safe just for so long as it should please the soldiers not to come down to take us
2518-154825-0003 </path/to>/librispeech_subsample/1h/2518/154825/2518-154825-0003.flac 13830 safe with a discharged pistol in our grasp and a shot man lying at our feet elzevir was the first to speak can you stand john is the bone broken
2518-154825-0004 </path/to>/librispeech_subsample/1h/2518/154825/2518-154825-0004.flac 14490 i cannot stand i said there is something gone in my leg and i feel blood running down into my boot he knelt and rolled down the leg of my stocking but though he only moved my foot
2518-154825-0005 </path/to>/librispeech_subsample/1h/2518/154825/2518-154825-0005.flac 14805 ever so little it caused me sharp pain for feeling was coming back after the first numbness of the shot they have broke the leg though it bleeds little elzevir said we have no time to splice it here
2518-154825-0006 </path/to>/librispeech_subsample/1h/2518/154825/2518-154825-0006.flac 13755 but i will put a kerchief round and while i wrap it listen to how we lie and then choose what we shall do i nodded biting my lips hard to conceal the pain he gave me and he went on
2518-154825-0007 </path/to>/librispeech_subsample/1h/2518/154825/2518-154825-0007.flac 10055 we have a quarter of an hour before the posse can get down to us but come they will and thou canst judge what chance we have to save liberty
2518-154825-0008 </path/to>/librispeech_subsample/1h/2518/154825/2518-154825-0008.flac 2740 and he jerked his thumb at maskew
2518-154825-0009 </path/to>/librispeech_subsample/1h/2518/154825/2518-154825-0009.flac 15455 and therefore do not blame thee if thou didst make me waste a charge in air so one thing we can do is to wait here until they come and i can account for a few of them before they shoot me down but thou canst not fight with a broken leg
2518-154825-0010 </path/to>/librispeech_subsample/1h/2518/154825/2518-154825-0010.flac 14850 and they will take thee alive and then there is a dance on air at dorchester jail i felt sick with pain and bitterly cast down to think that i was like to come so soon to such a vile end
2518-154825-0011 </path/to>/librispeech_subsample/1h/2518/154825/2518-154825-0011.flac 14755 so only gave a sigh wishing heartily that maskew were not dead and that my leg were not broke but that i was back again at the why not or even hearing one of doctor sherlock's sermons in my aunt's parlour
4262-14486-0000 </path/to>/librispeech_subsample/1h/4262/14486/4262-14486-0000.flac 10400 he knew where the doe made a couch for her fawn and he looked to his strength for his prey but the moon swept the smoke wreaths away
4262-14486-0001 </path/to>/librispeech_subsample/1h/4262/14486/4262-14486-0001.flac 13040 and he turned from his meal in the villager's close and he bayed to the moon as she rose in seonee well and how does success taste
4262-14486-0002 </path/to>/librispeech_subsample/1h/4262/14486/4262-14486-0002.flac 15040 said torpenhow some three months later he had just returned to chambers after a holiday in the country good said dick as he sat licking his lips before the easel in the studio i want more heaps more
4262-14486-0003 </path/to>/librispeech_subsample/1h/4262/14486/4262-14486-0003.flac 9375 the lean years have passed and i approve of these fat ones be careful old man that way lies bad work
4262-14486-0004 </path/to>/librispeech_subsample/1h/4262/14486/4262-14486-0004.flac 14250 torpenhow was sprawling in a long chair with a small fox terrier asleep on his chest while dick was preparing a canvas a dais a background and a lay figure were the only fixed objects in the place
4262-14486-0005 </path/to>/librispeech_subsample/1h/4262/14486/4262-14486-0005.flac 14195 they rose from a wreck of oddments that began with felt covered water bottles belts and regimental badges and ended with a small bale of second hand uniforms and a stand of mixed arms
4262-14486-0006 </path/to>/librispeech_subsample/1h/4262/14486/4262-14486-0006.flac 14100 the mark of muddy feet on the dais showed that a military model had just gone away the watery autumn sunlight was falling and shadows sat in the corners of the studio yes
4262-14486-0007 </path/to>/librispeech_subsample/1h/4262/14486/4262-14486-0007.flac 16860 said dick deliberately i like the power i like the fun i like the fuss and above all i like the money i almost like the people who make the fuss and pay the money almost but they're a queer gang an amazingly queer gang
4262-14486-0008 </path/to>/librispeech_subsample/1h/4262/14486/4262-14486-0008.flac 15280 did you see that the papers called it the wild work show never mind i sold every shred of canvas i wanted to and on my word i believe it was because they believed i was a self taught flagstone artist
4262-14486-0009 </path/to>/librispeech_subsample/1h/4262/14486/4262-14486-0009.flac 15080 limited isn't the word to describe em i met a fellow the other day who told me that it was impossible that shadows on white sand should be blue ultramarine as they are i found out later that the man had been as far as brighton beach
4262-14486-0010 </path/to>/librispeech_subsample/1h/4262/14486/4262-14486-0010.flac 13170 but he knew all about art confound him he gave me a lecture on it and recommended me to go to school to learn technique i wonder what old kami would have said to that
978-125137-0000 </path/to>/librispeech_subsample/1h/978/125137/978-125137-0000.flac 13455 chapter seven in which a friendly move is originated the arrangement between mister boffin and his literary man mister silas wegg so far altered with the altered habits of mister boffin's life
978-125137-0001 </path/to>/librispeech_subsample/1h/978/125137/978-125137-0001.flac 14985 as that the roman empire usually declined in the morning and in the eminently aristocratic family mansion rather than in the evening as of yore and in boffin's bower there were occasions however when mister boffin seeking a brief refuge from the blandishments of fashion
978-125137-0002 </path/to>/librispeech_subsample/1h/978/125137/978-125137-0002.flac 4555 would present himself at the bower after dark to anticipate the next sallying forth of wegg
978-125137-0003 </path/to>/librispeech_subsample/1h/978/125137/978-125137-0003.flac 4175 if wegg had been worse paid for his office or better qualified to discharge it
978-125137-0004 </path/to>/librispeech_subsample/1h/978/125137/978-125137-0004.flac 14430 but holding the position of a handsomely remunerated humbug he resented them this was quite according to rule for the incompetent servant by whomsoever employed is always against his employer even those born governors noble and right honourable creatures
978-125137-0005 </path/to>/librispeech_subsample/1h/978/125137/978-125137-0005.flac 16175 who have been the most imbecile in high places have uniformly shown themselves the most opposed sometimes in belying distrust sometimes in vapid insolence to their employer what is in such wise true of the public master and servant is equally true of the private master and servant all the world over
978-125137-0006 </path/to>/librispeech_subsample/1h/978/125137/978-125137-0006.flac 15215 when mister silas wegg did at last obtain free access to our house as he had been wont to call the mansion outside which he had sat shelterless so long and when he did at last find it in all particulars as different from his mental plans of it as according to the nature of things it well could be
978-125137-0007 </path/to>/librispeech_subsample/1h/978/125137/978-125137-0007.flac 12895 that far seeing and far reaching character by way of asserting himself and making out a case for compensation affected to fall into a melancholy strain of musing over the mournful past as if the house and he had had a fall in life together
978-125137-0008 </path/to>/librispeech_subsample/1h/978/125137/978-125137-0008.flac 11120 was once our house this sir is the building from which i have so often seen those great creatures miss elizabeth master george aunt jane and uncle parker' whose very names were of his own inventing
978-125137-0009 </path/to>/librispeech_subsample/1h/978/125137/978-125137-0009.flac 14380 and has it come to this indeed ah dear me dear me so tender were his lamentations that the kindly mister boffin was quite sorry for him and almost felt mistrustful that in buying the house he had done him an irreparable injury
978-125137-0010 </path/to>/librispeech_subsample/1h/978/125137/978-125137-0010.flac 13420 two or three diplomatic interviews the result of great subtlety on mister wegg's part but assuming the mask of careless yielding to a fortuitous combination of circumstances impelling him towards clerkenwell had enabled him to complete his bargain with mister venus
978-125137-0011 </path/to>/librispeech_subsample/1h/978/125137/978-125137-0011.flac 16690 bring me round to the bower said silas when the bargain was closed next saturday evening and if a sociable glass of old jamaikey warm should meet your views i am not the man to begrudge it you are aware of my being poor company sir replied mister venus but be it so
3526-175658-0000 </path/to>/librispeech_subsample/1h/3526/175658/3526-175658-0000.flac 10995 permission to accept such additional employment should it offer having formed an article of the terms on which he had engaged me it was therefore arranged in the course of next day
3526-175658-0001 </path/to>/librispeech_subsample/1h/3526/175658/3526-175658-0001.flac 13505 when evening came i prepared to step over in order to seek a conference with mademoiselle herself on the subject i had not had time to pay the visit before having been all day closely occupied in class
3526-175658-0002 </path/to>/librispeech_subsample/1h/3526/175658/3526-175658-0002.flac 15685 i remember very well that before quitting my chamber i held a brief debate with myself as to whether i should change my ordinary attire for something smarter at last i concluded it would be a waste of labour doubtless thought i
3526-175658-0003 </path/to>/librispeech_subsample/1h/3526/175658/3526-175658-0003.flac 15145 she is some stiff old maid for though the daughter of madame reuter she may well number upwards of forty winters besides if it were otherwise if she be both young and pretty i am not handsome
3526-175658-0004 </path/to>/librispeech_subsample/1h/3526/175658/3526-175658-0004.flac 15490 and no dressing can make me so therefore i'll go as i am and off i started cursorily glancing sideways as i passed the toilet table surmounted by a looking glass a thin irregular face i saw
3526-175658-0005 </path/to>/librispeech_subsample/1h/3526/175658/3526-175658-0005.flac 14605 with sunk dark eyes under a large square forehead complexion destitute of bloom or attraction something young but not youthful no object to win a lady's love no butt for the shafts of cupid
3526-175658-0006 </path/to>/librispeech_subsample/1h/3526/175658/3526-175658-0006.flac 15710 in a moment i had pulled the bell in another moment the door was opened and within appeared a passage paved alternately with black and white marble the walls were painted in imitation of marble also and at the far end opened a glass door
3526-175658-0007 </path/to>/librispeech_subsample/1h/3526/175658/3526-175658-0007.flac 15250 through which i saw shrubs and a grass plat looking pleasant in the sunshine of the mild spring evening for it was now the middle of april this then was my first glimpse of the garden but i had not time to look long
3526-175658-0008 </path/to>/librispeech_subsample/1h/3526/175658/3526-175658-0008.flac 14950 the portress after having answered in the affirmative my question as to whether her mistress was at home opened the folding doors of a room to the left and having ushered me in closed them behind me i found myself in a salon
3526-175658-0009 </path/to>/librispeech_subsample/1h/3526/175658/3526-175658-0009.flac 15600 with a very well painted highly varnished floor chairs and sofas covered with white draperies a green porcelain stove walls hung with pictures in gilt frames a gilt pendule and other ornaments on the mantelpiece
3526-175658-0010 </path/to>/librispeech_subsample/1h/3526/175658/3526-175658-0010.flac 13790 a large lustre pendent from the centre of the ceiling mirrors consoles muslin curtains and a handsome centre table completed the inventory of furniture all looked extremely clean and glittering
6741-253244-0000 </path/to>/librispeech_subsample/1h/6741/253244/6741-253244-0000.flac 16070 chapter seven from home to the street as the shadows of the gloomy march evening deepened alida lighted the lamp and was then a little surprised to hear a knock at the door no presentiment of trouble crossed her mind
6741-253244-0001 </path/to>/librispeech_subsample/1h/6741/253244/6741-253244-0001.flac 13640 she merely thought that one of her neighbors on the lower floors had stepped up to borrow something come in she cried as she adjusted the shade of the lamp a tall thin pale woman entered
6741-253244-0002 </path/to>/librispeech_subsample/1h/6741/253244/6741-253244-0002.flac 15045 carrying a child that was partly hidden by a thin shawl their only outer protection against the chill winds which had been blustering all day alida looked at the stranger inquiringly and kindly expecting an appeal for charity
6741-253244-0003 </path/to>/librispeech_subsample/1h/6741/253244/6741-253244-0003.flac 14990 the woman sank into a chair as if exhausted and fixed her dark hollow eyes on missus ostrom she appeared consumed by a terrible curiosity alida wondered at the strange chill of apprehension
6741-253244-0004 </path/to>/librispeech_subsample/1h/6741/253244/6741-253244-0004.flac 15640 with which she encountered this gaze it was so intent so searching yet so utterly devoid of a trace of good will she began gently can i do anything for you for a moment or two longer
6741-253244-0005 </path/to>/librispeech_subsample/1h/6741/253244/6741-253244-0005.flac 16260 there was no response other than the same cold questioning scrutiny as if instead of a sweet faced woman something monstrously unnatural was present at last in slow icy utterance came the words
6741-253244-0006 </path/to>/librispeech_subsample/1h/6741/253244/6741-253244-0006.flac 12340 so you are her is this woman insane thought alida why else does she look at me so oh that wilson would come
6741-253244-0007 </path/to>/librispeech_subsample/1h/6741/253244/6741-253244-0007.flac 15605 i'm sorry for you my good woman she began kindly you are laboring under some mistake my husband your husband exclaimed the stranger with an indescribable accent of scorn and reproach yes
6741-253244-0008 </path/to>/librispeech_subsample/1h/6741/253244/6741-253244-0008.flac 12010 replied alida with quiet dignity my husband will be home soon and he will protect me you have no right to enter my rooms and act as you do if you are sick and in trouble
6741-253244-0009 </path/to>/librispeech_subsample/1h/6741/253244/6741-253244-0009.flac 15265 your husband by lawful marriage by my pastor we'll soon see how lawful it was replied the woman with a bitter laugh i'd like you to tell me how often a man can be married lawfully
6741-253244-0010 </path/to>/librispeech_subsample/1h/6741/253244/6741-253244-0010.flac 12065 what do you mean cried alida with a sudden flash in her blue eyes then as if reproaching herself she added kindly pardon me i see you are not well
2514-149482-0000 </path/to>/librispeech_subsample/1h/2514/149482/2514-149482-0000.flac 15470 he received from missus lowder on the morning after his visit to kate the telegraphic expression of a hope that he might be free to dine with them that evening and his freedom affected him as fortunate even though in some degree qualified by her missive
2514-149482-0001 </path/to>/librispeech_subsample/1h/2514/149482/2514-149482-0001.flac 14860 expecting american friends whom i'm so glad to find you know his knowledge of american friends was clearly an accident of which he was to taste the fruit to the last bitterness this apprehension however we hasten to add
2514-149482-0002 </path/to>/librispeech_subsample/1h/2514/149482/2514-149482-0002.flac 14730 enjoyed for him in the immediate event a certain merciful shrinkage the immediate event being that at lancaster gate five minutes after his due arrival prescribed him for eight thirty missus stringham came in alone
2514-149482-0003 </path/to>/librispeech_subsample/1h/2514/149482/2514-149482-0003.flac 14305 the long daylight the postponed lamps the habit of the hour made dinners late and guests still later so that punctual as he was he had found missus lowder alone with kate herself not yet in the field
2514-149482-0004 </path/to>/librispeech_subsample/1h/2514/149482/2514-149482-0004.flac 14060 he had thus had with her several bewildering moments bewildering by reason fairly of their tacit invitation to him to be supernaturally simple this was exactly goodness knew what he wanted to be
2514-149482-0005 </path/to>/librispeech_subsample/1h/2514/149482/2514-149482-0005.flac 16710 but he had never had it so largely and freely so supernaturally simply for that matter imputed to him as of easy achievement it was a particular in which aunt maud appeared to offer herself as an example appeared to say quite agreeably
2514-149482-0006 </path/to>/librispeech_subsample/1h/2514/149482/2514-149482-0006.flac 15975 what i want of you don't you see is to be just exactly as i am the quantity of the article required was what might especially have caused him to stagger he liked so in general the quantities in which missus lowder dealt
2514-149482-0007 </path/to>/librispeech_subsample/1h/2514/149482/2514-149482-0007.flac 13955 he would have liked as well to ask her how feasible she supposed it for a poor young man to resemble her at any point but he had after all soon enough perceived that he was doing as she wished by letting his wonder show
2514-149482-0008 </path/to>/librispeech_subsample/1h/2514/149482/2514-149482-0008.flac 15730 just a little as silly he was conscious moreover of a small strange dread of the results of discussion with her strange truly because it was her good nature not her asperity that he feared asperity might have made him angry
2514-149482-0009 </path/to>/librispeech_subsample/1h/2514/149482/2514-149482-0009.flac 15195 in which there was always a comfort good nature in his conditions had a tendency to make him ashamed which aunt maud indeed wonderfully liking him for himself quite struck him as having guessed to spare him therefore she also avoided discussion
248-130644-0000 </path/to>/librispeech_subsample/1h/248/130644/248-130644-0000.flac 11230 it would be a little hard to blame the rector of pennicote that in the course of looking at things from every point of view he looked at gwendolen as a girl likely to make a brilliant marriage
248-130644-0001 </path/to>/librispeech_subsample/1h/248/130644/248-130644-0001.flac 11650 why should he be expected to differ from his contemporaries in this matter and wish his niece a worse end of her charming maidenhood than they would approve as the best possible
248-130644-0002 </path/to>/librispeech_subsample/1h/248/130644/248-130644-0002.flac 15005 it is rather to be set down to his credit that his feelings on the subject were entirely good natured and in considering the relation of means to ends it would have been mere folly to have been guided by the exceptional and idyllic
248-130644-0003 </path/to>/librispeech_subsample/1h/248/130644/248-130644-0003.flac 13580 in order that a marquis might fall in love with her or to have insisted that since a fair maiden was to be sought she should keep herself out of the way mister gascoigne's calculations were of the kind called rational
248-130644-0004 </path/to>/librispeech_subsample/1h/248/130644/248-130644-0004.flac 14815 and he did not even think of getting a too frisky horse in order that gwendolen might be threatened with an accident and be rescued by a man of property he wished his niece well and he meant her to be seen to advantage in the best society of the neighborhood
248-130644-0005 </path/to>/librispeech_subsample/1h/248/130644/248-130644-0005.flac 15290 her uncle's intention fell in perfectly with gwendolen's own wishes but let no one suppose that she also contemplated a brilliant marriage as the direct end of her witching the world with her grace on horseback or with any other accomplishment
248-130644-0006 </path/to>/librispeech_subsample/1h/248/130644/248-130644-0006.flac 15035 that she was to be married some time or other she would have felt obliged to admit and that her marriage would not be of a middling kind such as most girls were contented with she felt quietly unargumentatively sure
248-130644-0007 </path/to>/librispeech_subsample/1h/248/130644/248-130644-0007.flac 14920 but her thoughts never dwelt on marriage as the fulfillment of her ambition the dramas in which she imagined herself a heroine were not wrought up to that close to be very much sued or hopelessly sighed for as a bride was indeed
248-130644-0008 </path/to>/librispeech_subsample/1h/248/130644/248-130644-0008.flac 15885 an indispensable and agreeable guarantee of womanly power but to become a wife and wear all the domestic fetters of that condition was on the whole a vexatious necessity her observation of matrimony had inclined her to think it rather a dreary state
248-130644-0009 </path/to>/librispeech_subsample/1h/248/130644/248-130644-0009.flac 13230 in which a woman could not do what she liked had more children than were desirable was consequently dull and became irrevocably immersed in humdrum of course marriage was social promotion
248-130644-0010 </path/to>/librispeech_subsample/1h/248/130644/248-130644-0010.flac 16045 she could not look forward to a single life but promotions have sometimes to be taken with bitter herbs a peerage will not quite do instead of leadership to the man who meant to lead and this delicate limbed sylph of twenty meant to lead
3607-135982-0000 </path/to>/librispeech_subsample/1h/3607/135982/3607-135982-0000.flac 6760 the cars came scudding in towards dublin running evenly like pellets in the groove of the naas road
3607-135982-0001 </path/to>/librispeech_subsample/1h/3607/135982/3607-135982-0001.flac 14465 careering homeward and through this channel of poverty and inaction the continent sped its wealth and industry now and again the clumps of people raised the cheer of the gratefully oppressed their sympathy however was for the blue cars
3607-135982-0002 </path/to>/librispeech_subsample/1h/3607/135982/3607-135982-0002.flac 13340 the cars of their friends the french the french moreover were virtual victors their team had finished solidly they had been placed second and third and the driver of the winning german car was reported a belgian
3607-135982-0003 </path/to>/librispeech_subsample/1h/3607/135982/3607-135982-0003.flac 16040 each blue car therefore received a double measure of welcome as it topped the crest of the hill and each cheer of welcome was acknowledged with smiles and nods by those in the car in one of these trimly built cars was a party of four young men whose spirits seemed to be at present
3607-135982-0004 </path/to>/librispeech_subsample/1h/3607/135982/3607-135982-0004.flac 13465 in fact these four young men were almost hilarious they were charles segouin the owner of the car andre riviere a young electrician of canadian birth a huge hungarian named villona
3607-135982-0005 </path/to>/librispeech_subsample/1h/3607/135982/3607-135982-0005.flac 11385 and a neatly groomed young man named doyle segouin was in good humour because he had unexpectedly received some orders in advance he was about to start a motor establishment in paris
3607-135982-0006 </path/to>/librispeech_subsample/1h/3607/135982/3607-135982-0006.flac 15685 and riviere was in good humour because he was to be appointed manager of the establishment these two young men who were cousins were also in good humour because of the success of the french cars villona was in good humour because he had had a very satisfactory luncheon
3607-135982-0007 </path/to>/librispeech_subsample/1h/3607/135982/3607-135982-0007.flac 14520 and besides he was an optimist by nature the fourth member of the party however was too excited to be genuinely happy he was about twenty six years of age with a soft light brown moustache and rather innocent looking grey eyes
3607-135982-0008 </path/to>/librispeech_subsample/1h/3607/135982/3607-135982-0008.flac 14035 his father who had begun life as an advanced nationalist had modified his views early he had made his money as a butcher in kingstown and by opening shops in dublin and in the suburbs he had made his money many times over
3607-135982-0009 </path/to>/librispeech_subsample/1h/3607/135982/3607-135982-0009.flac 14785 he had also been fortunate enough to secure some of the police contracts and in the end he had become rich enough to be alluded to in the dublin newspapers as a merchant prince he had sent his son to england to be educated in a big catholic college
3607-135982-0010 </path/to>/librispeech_subsample/1h/3607/135982/3607-135982-0010.flac 15075 and had afterwards sent him to dublin university to study law jimmy did not study very earnestly and took to bad courses for a while he had money and he was popular and he divided his time curiously between musical and motoring circles
3607-135982-0011 </path/to>/librispeech_subsample/1h/3607/135982/3607-135982-0011.flac 6505 his father remonstrative but covertly proud of the excess had paid his bills and brought him home
1938-176228-0000 </path/to>/librispeech_subsample/1h/1938/176228/1938-176228-0000.flac 13875 chapter nine the contents of the packet i pulled up sharply as if a brake had been suddenly and even mercilessly applied to bring me to a standstill
1938-176228-0001 </path/to>/librispeech_subsample/1h/1938/176228/1938-176228-0001.flac 15555 in front of the window i stood shivering a shower had recently commenced the falling rain was being blown before the breeze i was in a terrible sweat yet tremulous as with cold covered with mud
1938-176228-0002 </path/to>/librispeech_subsample/1h/1938/176228/1938-176228-0002.flac 14140 bruised and cut and bleeding as piteous an object as you would care to see every limb in my body ached every muscle was exhausted mentally and physically i was done
1938-176228-0003 </path/to>/librispeech_subsample/1h/1938/176228/1938-176228-0003.flac 15855 had i not been held up willy nilly by the spell which was upon me i should have sunk down then and there in a hopeless helpless hapless heap but my tormentor was not yet at an end with me
1938-176228-0004 </path/to>/librispeech_subsample/1h/1938/176228/1938-176228-0004.flac 15885 as i stood there like some broken and beaten hack waiting for the word of command it came it was as if some strong magnetic current had been switched on to me through the window to draw me into the room
1938-176228-0005 </path/to>/librispeech_subsample/1h/1938/176228/1938-176228-0005.flac 14835 over the low wall i went over the sill once more i stood in that chamber of my humiliation and my shame and once again i was conscious of that awful sense of the presence of an evil thing
1938-176228-0006 </path/to>/librispeech_subsample/1h/1938/176228/1938-176228-0006.flac 13405 how much of it was fact and how much of it was the product of imagination i cannot say but looking back it seems to me that it was as if i had been taken out of the corporeal body
1938-176228-0007 </path/to>/librispeech_subsample/1h/1938/176228/1938-176228-0007.flac 12145 there was the sound of something flopping from off the bed on to the ground and i knew that the thing was coming at me across the floor my stomach quaked my heart melted within me
1938-176228-0008 </path/to>/librispeech_subsample/1h/1938/176228/1938-176228-0008.flac 13280 the very anguish of my terror gave me strength to scream and scream sometimes even now i seem to hear those screams of mine ringing through the night and i bury my face in the pillow
1938-176228-0009 </path/to>/librispeech_subsample/1h/1938/176228/1938-176228-0009.flac 15085 and it is as though i was passing through the very valley of the shadow the thing went back i could hear it slipping and sliding across the floor there was silence and presently the lamp was lit
1938-176228-0010 </path/to>/librispeech_subsample/1h/1938/176228/1938-176228-0010.flac 14790 and the room was all in brightness there on the bed in the familiar attitude between the sheets his head resting on his hand his eyes blazing like living coals was the dreadful cause of all my agonies
3259-158083-0000 </path/to>/librispeech_subsample/1h/3259/158083/3259-158083-0000.flac 8199 administration terrorism the administration tried in another way to stop picketing
3259-158083-0001 </path/to>/librispeech_subsample/1h/3259/158083/3259-158083-0001.flac 15450 the agitation would certainly weaken so thought the administration to their great surprise however in the face of that reckless and extreme sentence the longest picket line of the entire campaign formed at the white house in the late afternoon of november tenth
3259-158083-0002 </path/to>/librispeech_subsample/1h/3259/158083/3259-158083-0002.flac 15415 forty one women picketed in protest against this wanton persecution of their leader as well as against the delay in passing the amendment face to face with an embarrassing number of prisoners the administration used its wits and decided
3259-158083-0003 </path/to>/librispeech_subsample/1h/3259/158083/3259-158083-0003.flac 11680 to reduce the number to a manageable size before imprisoning this group failing of that they tried still another way out they resorted to imprisonment with terrorism
3259-158083-0004 </path/to>/librispeech_subsample/1h/3259/158083/3259-158083-0004.flac 14915 in order to show how widely representative of the nation this group of pickets was i give its personnel complete first group new york missus john winters brannan miss belle sheinberg
3259-158083-0005 </path/to>/librispeech_subsample/1h/3259/158083/3259-158083-0005.flac 1915 missus l h hornsby
3259-158083-0006 </path/to>/librispeech_subsample/1h/3259/158083/3259-158083-0006.flac 3760 missus cyn thia cohen miss m tilden burritt
3259-158083-0007 </path/to>/librispeech_subsample/1h/3259/158083/3259-158083-0007.flac 14845 massachusetts missus agnes h morey brookline missus william bergen and miss camilla whitcomb worcester miss ella findeisen lawrence miss l j c daniels boston new jersey
3259-158083-0008 </path/to>/librispeech_subsample/1h/3259/158083/3259-158083-0008.flac 15570 missus george scott montclair pennsylvania missus lawrence lewis miss elizabeth mc shane miss katherine lincoln philadelphia third group california missus william kent kentfield
3259-158083-0009 </path/to>/librispeech_subsample/1h/3259/158083/3259-158083-0009.flac 14355 oregon miss alice gram miss betty gram portland utah missus r b quay missus t c robertson salt lake city colorado missus eva decker
3259-158083-0010 </path/to>/librispeech_subsample/1h/3259/158083/3259-158083-0010.flac 16085 colorado springs missus genevieve williams manitou fourth group indiana missus charles w barnes indianapolis oklahoma missus kate stafford oklahoma city
3259-158083-0011 </path/to>/librispeech_subsample/1h/3259/158083/3259-158083-0011.flac 4940 minnesota missus j h short minneapolis iowa
3259-158083-0012 </path/to>/librispeech_subsample/1h/3259/158083/3259-158083-0012.flac 14540 des moines missus catherine martinette eagle grove fifth group new york miss lucy burns new york city district of columbia missus harvey wiley louisiana
831-130739-0000 </path/to>/librispeech_subsample/1h/831/130739/831-130739-0000.flac 11910 the principal character in the story if you presuming you are of the sex that does such things if you had gone into the drapery emporium which is really only magnificent for shop
831-130739-0001 </path/to>/librispeech_subsample/1h/831/130739/831-130739-0001.flac 14190 a perfectly fictitious co by the bye of putney on the fourteenth of august eighteen ninety five had turned to the right hand side where the blocks of white linen and piles of blankets rise up to the rail from which the pink and blue prints depend
831-130739-0002 </path/to>/librispeech_subsample/1h/831/130739/831-130739-0002.flac 8215 you might have been served by the central figure of this story that is now beginning he would have come forward bowing and swaying
831-130739-0003 </path/to>/librispeech_subsample/1h/831/130739/831-130739-0003.flac 10285 what he might have the pleasure of showing you under certain circumstances as for instance hats baby linen gloves silks lace or curtains
831-130739-0004 </path/to>/librispeech_subsample/1h/831/130739/831-130739-0004.flac 7730 and making a kind of circular sweep invited you to step this way and so led you beyond his ken
831-130739-0005 </path/to>/librispeech_subsample/1h/831/130739/831-130739-0005.flac 6145 huckaback blankets dimity cretonne linen calico are cases in point
831-130739-0006 </path/to>/librispeech_subsample/1h/831/130739/831-130739-0006.flac 11785 under which happier circumstances you might if of an observing turn of mind and not too much of a housewife to be inhuman have given the central figure of this story less cursory attention
831-130739-0007 </path/to>/librispeech_subsample/1h/831/130739/831-130739-0007.flac 13740 now if you had noticed anything about him it would have been chiefly to notice how little he was noticeable he wore the black morning coat the black tie and the speckled grey nether parts descending into shadow and mystery below the counter of his craft
831-130739-0008 </path/to>/librispeech_subsample/1h/831/130739/831-130739-0008.flac 15590 hair of a kind of dirty fairness greyish eyes and a skimpy immature moustache under his peaked indeterminate nose his features were all small but none ill shaped a rosette of pins decorated the lappel of his coat
831-130739-0009 </path/to>/librispeech_subsample/1h/831/130739/831-130739-0009.flac 9620 we could show you something better of course no trouble madam i assure you such were the simple counters of his intercourse so i say
831-130739-0010 </path/to>/librispeech_subsample/1h/831/130739/831-130739-0010.flac 12490 he would have danced about behind the counter have neatly refolded the goods he had shown you have put on one side those you selected extracted a little book with a carbon leaf and a tinfoil sheet from a fixture
831-130739-0011 </path/to>/librispeech_subsample/1h/831/130739/831-130739-0011.flac 4860 made you out a little bill in that weak flourishing hand peculiar to drapers
831-130739-0012 </path/to>/librispeech_subsample/1h/831/130739/831-130739-0012.flac 5360 sayn then a puffy little shop walker would have come into view
831-130739-0013 </path/to>/librispeech_subsample/1h/831/130739/831-130739-0013.flac 14770 have scribbled a still more flourishing j m all over the document have asked you if there was nothing more have stood by you supposing that you were paying cash until the central figure of this story reappeared with the change
831-130739-0014 </path/to>/librispeech_subsample/1h/831/130739/831-130739-0014.flac 8630 one glance more at him and the puffy little shop walker would have been bowing you out with fountains of civilities at work all about you
7823-103122-0000 </path/to>/librispeech_subsample/1h/7823/103122/7823-103122-0000.flac 16270 the gray tower of the good duchess anne was hung with garlands of ivy and gay with tufts of fragrant wallflowers and along the fosse the shadows deepened daily as the young leaves thickened on the interlacing branches overhead
7823-103122-0001 </path/to>/librispeech_subsample/1h/7823/103122/7823-103122-0001.flac 16085 wooden shoes clattered to and fro as the girls brought water from the fountain in place saint louis men with their long hair embroidered jackets and baggy breeches drank cider at the inn doors and the great breton horses
7823-103122-0002 </path/to>/librispeech_subsample/1h/7823/103122/7823-103122-0002.flac 13935 shook their high collars till the bells rang again as they passed along the roads that wound between wide fields of colza buckwheat and clover up at the chateau
7823-103122-0003 </path/to>/librispeech_subsample/1h/7823/103122/7823-103122-0003.flac 14925 which stood near the ruins of the ancient castle the great banner streamed in the wind showing as its folds blew out the device and motto of the beaumanoir two clasped hands and the legend
7823-103122-0004 </path/to>/librispeech_subsample/1h/7823/103122/7823-103122-0004.flac 4380 in the courtyard hounds brayed horses pranced
7823-103122-0005 </path/to>/librispeech_subsample/1h/7823/103122/7823-103122-0005.flac 15074 for the count was going to hunt the wild boar presently away they went with the merry music of horns the clatter of hoofs and the blithe ring of voices till the pleasant clamor died away in the distant woods
7823-103122-0006 </path/to>/librispeech_subsample/1h/7823/103122/7823-103122-0006.flac 5410 where mistletoe clung to the great oaks and menhirs and dolmens
7823-103122-0007 </path/to>/librispeech_subsample/1h/7823/103122/7823-103122-0007.flac 13025 a boy's face looked out full of eager longing a fine strong face but sullen now with black brows dark restless eyes and lips set
7823-103122-0008 </path/to>/librispeech_subsample/1h/7823/103122/7823-103122-0008.flac 16510 as if rebellious thoughts were stirring in his mind he watched the gay cavalcade disappear until a sunny silence settled over the landscape broken only by the larks and the sound of a girl's voice singing as he listened
7823-103122-0009 </path/to>/librispeech_subsample/1h/7823/103122/7823-103122-0009.flac 13325 when it rested on a blue gowned white capped figure sprinkling webs of linen spread to bleach in the green meadow by the river rance if i may not hunt
7823-103122-0010 </path/to>/librispeech_subsample/1h/7823/103122/7823-103122-0010.flac 15670 the boy struck a volume that lay on the wide ledge with a petulant energy that sent it fluttering down into the court yard below half ashamed and half amused young gaston peeped to see if this random shot had hit any one
7823-103122-0011 </path/to>/librispeech_subsample/1h/7823/103122/7823-103122-0011.flac 12170 but all was quiet and deserted now so with a boyish laugh and a daring glance at the dangerous descent he said to the doves cooing on the roof overhead
5778-12761-0000 </path/to>/librispeech_subsample/1h/5778/12761/5778-12761-0000.flac 14560 continuation of fremont's account of the passage through the mountains we had hard and doubtful labor yet before us as the snow appeared to be heavier where the timber began further down with few open spots
5778-12761-0001 </path/to>/librispeech_subsample/1h/5778/12761/5778-12761-0001.flac 15550 ascending a height we traced out the best line we could discover for the next day's march and had at least the consolation to see that the mountain descended rapidly the day had been one of april gusty with a few occasional flakes of snow
5778-12761-0002 </path/to>/librispeech_subsample/1h/5778/12761/5778-12761-0002.flac 16360 which in the afternoon enveloped the upper mountains in clouds we watched them anxiously as now we dreaded a snow storm shortly afterwards we heard the roll of thunder and looking toward the valley found it all enveloped in a thunderstorm
5778-12761-0003 </path/to>/librispeech_subsample/1h/5778/12761/5778-12761-0003.flac 9530 for us as connected with the idea of summer it had a singular charm and we watched its progress with excited feelings until nearly sunset
5778-12761-0004 </path/to>/librispeech_subsample/1h/5778/12761/5778-12761-0004.flac 14665 when the sky cleared off brightly and we saw a shining line of water directing its course towards another a broader and larger sheet we knew that these could be no other than the sacramento and the bay of san francisco
5778-12761-0005 </path/to>/librispeech_subsample/1h/5778/12761/5778-12761-0005.flac 10945 but after our long wandering in rugged mountains where so frequently we had met with disappointments and where the crossing of every ridge displayed some unknown lake or river
5778-12761-0006 </path/to>/librispeech_subsample/1h/5778/12761/5778-12761-0006.flac 15860 we were yet almost afraid to believe that we were at last to escape into the genial country of which we have heard so many glowing descriptions and dreaded again to find some vast interior lake whose bitter waters would bring us disappointment
5778-12761-0007 </path/to>/librispeech_subsample/1h/5778/12761/5778-12761-0007.flac 11540 on the southern shore of what appeared to be the bay could be traced the gleaming line where entered another large stream and again the buenaventura rose up in our mind
5778-12761-0008 </path/to>/librispeech_subsample/1h/5778/12761/5778-12761-0008.flac 13665 carson had entered the valley along the southern side of the bay but the country then was so entirely covered with water from snow and rain that he had been able to form no correct impression of watercourses
5778-12761-0009 </path/to>/librispeech_subsample/1h/5778/12761/5778-12761-0009.flac 15025 we had the satisfaction to know that at least there were people below fires were lit up in the valley just at night appearing to be in answer to ours and these signs of life renewed in some measure the gayety of the camp
5778-12761-0010 </path/to>/librispeech_subsample/1h/5778/12761/5778-12761-0010.flac 15940 they appeared so near that we judged them to be among the timber of some of the neighboring ridges but having them constantly in view day after day and night after night we afterwards found them to be fires that had been kindled by the indians among the tulares
7859-102518-0000 </path/to>/librispeech_subsample/1h/7859/102518/7859-102518-0000.flac 13960 the roman and the persian empires drained of men and money and ravaged from end to end by each other's marauding armies sank down in exhaustion to heal them of their deadly wounds
7859-102518-0001 </path/to>/librispeech_subsample/1h/7859/102518/7859-102518-0001.flac 17084 never before had either power dealt its neighbour such fearful blows as in this last struggle in previous wars the contest had been waged around border fortresses and the prize had been the conquest of some small slice of marchland
7859-102518-0002 </path/to>/librispeech_subsample/1h/7859/102518/7859-102518-0002.flac 13355 had struck deadly blows at the heart of each other's empire and harried the inmost provinces up to the gates of each other's capitals the persian had turned the wild hordes of the avars loose on thrace
7859-102518-0003 </path/to>/librispeech_subsample/1h/7859/102518/7859-102518-0003.flac 15650 they were bleeding at every pore utterly wearied and exhausted and desirous of nothing but a long interval of peace to recover their lost strength precisely at this moment a new and terrible enemy fell upon the two war worn combatants
7859-102518-0004 </path/to>/librispeech_subsample/1h/7859/102518/7859-102518-0004.flac 10085 and delivered an attack so vehement that it was destined to destroy the ancient kingdom of persia and to shear away half the provinces of the roman empire
7859-102518-0005 </path/to>/librispeech_subsample/1h/7859/102518/7859-102518-0005.flac 13120 the politics of arabia had up to this time been of little moment either to roman or persian each of them had allies among the arab tribes and had sometimes sent an expedition or an embassy southward
7859-102518-0006 </path/to>/librispeech_subsample/1h/7859/102518/7859-102518-0006.flac 9975 into the land beyond the syrian desert but neither of them dreamed that the scattered and disunited tribes of arabia would ever combine or become a serious danger
7859-102518-0007 </path/to>/librispeech_subsample/1h/7859/102518/7859-102518-0007.flac 15710 events of world wide importance had been taking place in the arabian peninsula for the first and last time in history there had arisen among the arabs one of those world compelling minds that are destined to turn aside the current of events
7859-102518-0008 </path/to>/librispeech_subsample/1h/7859/102518/7859-102518-0008.flac 15485 into new channels and change the face of whole continents mahomet that strangest of moral enigmas prophet and seer fanatic and impostor was developing his career all through the years of the persian war
7859-102518-0009 </path/to>/librispeech_subsample/1h/7859/102518/7859-102518-0009.flac 14845 by an extraordinary mixture of genuine enthusiasm and vulgar cunning of self deception and deliberate imposture of benevolence and cruelty of austerity and licence he had worked himself and his creed to the front
7859-102518-0010 </path/to>/librispeech_subsample/1h/7859/102518/7859-102518-0010.flac 13815 the turbulent polytheists of arabia had by him been converted into a compact band of fanatics burning to carry all over the world by the force of their swords their new war cry that
4406-16882-0000 </path/to>/librispeech_subsample/1h/4406/16882/4406-16882-0000.flac 14425 belonging to our garrison but none of them would stir though another time if any indian had come to the door they were ready to fly upon him and tear him down the lord hereby would make us the more acknowledge his hand and to see that our help is always in him
4406-16882-0001 </path/to>/librispeech_subsample/1h/4406/16882/4406-16882-0001.flac 9440 but out we must go the fire increasing and coming along behind us roaring and the indians gaping before us with their guns spears and hatchets to devour us
4406-16882-0002 </path/to>/librispeech_subsample/1h/4406/16882/4406-16882-0002.flac 13290 in or near the throat fell down dead whereat the indians scornfully shouted and hallowed and were presently upon him stripping off his clothes the bullets flying thick one went through my side and the same as would seem
4406-16882-0003 </path/to>/librispeech_subsample/1h/4406/16882/4406-16882-0003.flac 11070 through the bowels and hand of my dear child in my arms one of my elder sisters children named william had then his leg broken which the indians perceiving they knocked him on his head
4406-16882-0004 </path/to>/librispeech_subsample/1h/4406/16882/4406-16882-0004.flac 13210 standing amazed with the blood running down to our heels my eldest sister being yet in the house and seeing those woeful sights the infidels hauling mothers one way and children another and some wallowing in their blood
4406-16882-0005 </path/to>/librispeech_subsample/1h/4406/16882/4406-16882-0005.flac 12630 and her elder son telling her that her son william was dead and myself was wounded she said and lord let me die with them which was no sooner said but she was struck with a bullet and fell down dead over the threshold
4406-16882-0006 </path/to>/librispeech_subsample/1h/4406/16882/4406-16882-0006.flac 15025 i hope she is reaping the fruit of her good labors being faithful to the service of god in her place in her younger years she lay under much trouble upon spiritual accounts till it pleased god to make that precious scripture take hold of her heart and he said unto me
4406-16882-0007 </path/to>/librispeech_subsample/1h/4406/16882/4406-16882-0007.flac 5510 oh the doleful sight that now was to behold at this house come behold the works of the lord
4406-16882-0008 </path/to>/librispeech_subsample/1h/4406/16882/4406-16882-0008.flac 7760 and relations lie bleeding out their heart blood upon the ground there was one who was chopped into the head with a hatchet and stripped naked
4406-16882-0009 </path/to>/librispeech_subsample/1h/4406/16882/4406-16882-0009.flac 13955 as if they would have torn our very hearts out yet the lord by his almighty power preserved a number of us from death for there were twenty four of us taken alive and carried captive i had often before this said that if the indians should come
4406-16882-0010 </path/to>/librispeech_subsample/1h/4406/16882/4406-16882-0010.flac 14220 i should choose rather to be killed by them than taken alive but when it came to the trial my mind changed their glittering weapons so daunted my spirit that i chose rather to go along with those as i may say ravenous beasts
4406-16882-0011 </path/to>/librispeech_subsample/1h/4406/16882/4406-16882-0011.flac 15450 than that moment to end my days and that i may the better declare what happened to me during that grievous captivity i shall particularly speak of the several removes we had up and down the wilderness the first remove now away we must go with those barbarous creatures
4406-16882-0012 </path/to>/librispeech_subsample/1h/4406/16882/4406-16882-0012.flac 16640 with our bodies wounded and bleeding and our hearts no less than our bodies about a mile we went that night up upon a hill within sight of the town where they intended to lodge there was hard by a vacant house deserted by the english before for fear of the indians
